1.-Sitúese en la carpeta en la que desee crear el repositorio:
antonioeliashoshee@MacBook-Pro-de-Antonio modulo_2 %

2.-Cree una carpeta, y dentro de la misma un repositorio, ambos con
el nombre fullstack:
-antonioeliashoshee@MacBook-Pro-de-Antonio modulo_2 % mkdir fullstack
-antonioeliashoshee@MacBook-Pro-de-Antonio fullstack % git init
Initialized empty Git repository in /Users/antonioeliashoshee/Documents/FrontEnd_2025/Modulo_2/fullstack/.git/

3.-Genere una consulta que permite verificar el estado del repositorio:
antonioeliashoshee@MacBook-Pro-de-Antonio fullstack % git status

4.-Cree un documento de texto de nombre contenidos.txt:
touch contenidos.txt

5.-Validar que el contenido ingresado esté efectivamente cargado:
antonioeliashoshee@MacBook-Pro-de-Antonio fullstack % git status
On branch main

No commits yet

Untracked files:
  (use "git add <file>..." to include in what will be committed)
        contenidos.txt
        formato.txt

nothing added to commit but untracked files present (use "git add" to track)

6.- Verifique además el tamaño del archivo y sus permisos de acceso:
antonioeliashoshee@MacBook-Pro-de-Antonio fullstack % ls -l contenidos.txt
-rw-r--r--  1 antonioeliashoshee  staff  152 Jun 23 19:31 contenidos.txt

7.- Añada el archivo al repositorio:
antonioeliashoshee@MacBook-Pro-de-Antonio fullstack % git add .

8.- Aplique los cambios realizados sobre el repositorio, usando como mensaje “Primera versión del temario subida a repositorio”:
antonioeliashoshee@MacBook-Pro-de-Antonio fullstack % git commit -m "Primera versión del temario subida a repositorio"
[main (root-commit) b3e9c5e] Primera versión del temario subida a repositorio
 2 files changed, 39 insertions(+)
 create mode 100644 contenidos.txt
 create mode 100644 formato.txt

 9.- Añada una nueva línea al final del archivo, con el contenido “Módulo 4: Desarrollo de aplicaciones web dinámicas”:
No sé qué comando se colocaría. Pues lo escribí directamente en el archivo contenidos.txt

10.-Verificar qué cambios existen en el repositorio que deban ser almacenados:
antonioeliashoshee@MacBook-Pro-de-Antonio fullstack % git status
On branch main
Changes not staged for commit:
  (use "git add <file>..." to update what will be committed)
  (use "git restore <file>..." to discard changes in working directory)
        modified:   contenidos.txt
        modified:   formato.txt

no changes added to commit (use "git add" and/or "git commit -a")

11.- Aplicar nuevamente los cambios en el repositorio, esta vez con el mensaje “Versión actualizada del contenido”:
antonioeliashoshee@MacBook-Pro-de-Antonio fullstack % git add .
antonioeliashoshee@MacBook-Pro-de-Antonio fullstack % git commit -m "Versión actualizada del contenido"
[main 738327b] Versión actualizada del contenido
 2 files changed, 27 insertions(+), 5 deletions(-)

 12.- Ver el registro de cambios creados sobre el repositorio:
antonioeliashoshee@MacBook-Pro-de-Antonio fullstack % git log
commit 738327b9112afbc84d5fe365b575e4b341bc010d (HEAD -> main)
Author: aeliasho <antonioeliashoshee@gmail.com>
Date:   Mon Jun 23 19:46:59 2025 -0400

    Versión actualizada del contenido

commit b3e9c5e527ac91ab3d980e239640eead9f576342
Author: aeliasho <antonioeliashoshee@gmail.com>
Date:   Mon Jun 23 19:43:29 2025 -0400

    Primera versión del temario subida a repositorio

13.- Finalmente, validar el estado del repositorio:
